
> temp-vite@0.0.0 build
> tsc -b && vite build

src/App.tsx(6,49): error TS6133: 'useNavigate' is declared but its value is never read.
src/App.tsx(7,10): error TS6133: 'Settings' is declared but its value is never read.
src/App.tsx(22,7): error TS6133: 'Placeholder' is declared but its value is never read.
src/components/cxc/NotaServicios.tsx(238,9): error TS6133: 'generarMensajePago' is declared but its value is never read.
src/pages/config/AuditLog.tsx(11,30): error TS6133: 'Filter' is declared but its value is never read.
src/pages/config/Configuraciones.tsx(8,34): error TS6133: 'Users' is declared but its value is never read.
src/pages/config/Configuraciones.tsx(8,41): error TS6133: 'Database' is declared but its value is never read.
src/pages/Dashboard.tsx(1,1): error TS6133: 'React' is declared but its value is never read.
src/pages/finanzas/FinanzasHub.tsx(52,52): error TS2339: Property 'proximamente' does not exist on type '{ id: string; titulo: string; descripcion: string; icono: Element; ruta: string; color: string; }'.
src/pages/finanzas/FinanzasHub.tsx(53,33): error TS2339: Property 'proximamente' does not exist on type '{ id: string; titulo: string; descripcion: string; icono: Element; ruta: string; color: string; }'.
src/pages/finanzas/FinanzasHub.tsx(54,27): error TS2339: Property 'proximamente' does not exist on type '{ id: string; titulo: string; descripcion: string; icono: Element; ruta: string; color: string; }'.
src/pages/finanzas/FinanzasHub.tsx(61,18): error TS2339: Property 'proximamente' does not exist on type '{ id: string; titulo: string; descripcion: string; icono: Element; ruta: string; color: string; }'.
src/pages/finanzas/PlanCuentas.tsx(60,7): error TS6133: 'sugerirCodigo' is declared but its value is never read.
src/pages/inventarios/Inventarios.tsx(13,38): error TS6133: 'useMemo' is declared but its value is never read.
src/pages/inventarios/Inventarios.tsx(19,9): error TS6133: 'AlertCircle' is declared but its value is never read.
src/pages/inventarios/Inventarios.tsx(42,10): error TS6133: 'error' is declared but its value is never read.
src/pages/inventarios/Inventarios.tsx(239,9): error TS6133: 'definirSaldoInicial' is declared but its value is never read.
